Microchip MPLAB XC8 Compiler V1.40 ()

Linker command line:

--edf=C:\Program Files (x86)\Microchip\xc8\v1.40\dat\en_msgs.txt -cs \
  -h+dist/default/production\Shield2_1_2017.X.production.sym \
  --cmf=dist/default/production\Shield2_1_2017.X.production.cmf -z \
  -Q18F4550 -oC:\Users\Admin\AppData\Local\Temp\s2tg.2 \
  -Mdist/default/production/Shield2_1_2017.X.production.map -E1 -ver=XC8 \
  -ASTACK=067h-07ffh -pstack=STACK \
  -ACODE=02000h-02005h,02008h-02015h,02018h-07FFFh \
  -ACONST=02000h-02005h,02008h-02015h,02018h-07FFFh \
  -ASMALLCONST=02000h-02005h,02008h-02015h,02018h-020FFh,02100h-021FFhx95 \
  -AMEDIUMCONST=02000h-02005h,02008h-02015h,02018h-07FFFh -ACOMRAM=01h-05Fh \
  -AABS1=00h-07FFh -ABIGRAM=01h-07FFh -ARAM=060h-0FFh,0100h-01FFhx7 \
  -ABANK0=060h-0FFh -ABANK1=0100h-01FFh -ABANK2=0200h-02FFh \
  -ABANK3=0300h-03FFh -ABANK4=0400h-04FFh -ABANK5=0500h-05FFh \
  -ABANK6=0600h-06FFh -ABANK7=0700h-07FFh -ASFR=0F60h-0FFFh \
  -preset_vec=02000h,intcode=02008h,intcodelo,powerup,init -pramtop=0800h \
  -psmallconst=SMALLCONST -pmediumconst=MEDIUMCONST -pconst=CONST \
  -AFARRAM=00h-00h -ACONFIG=0300000h-030000Dh -pconfig=CONFIG \
  -AIDLOC=0200000h-0200007h -pidloc=IDLOC -AEEDATA=0F00000h-0F000FFh \
  -peeprom_data=EEDATA \
  -prdata=COMRAM,nvrram=COMRAM,nvbit=COMRAM,rbss=COMRAM,rbit=COMRAM \
  -pfarbss=FARRAM,fardata=FARRAM,nvFARRAM=FARRAM \
  -pintsave_regs=BIGRAM,bigbss=BIGRAM,bigdata=BIGRAM -pbss=RAM \
  -pidata=CODE,irdata=CODE,ibigdata=CODE,ifardata=CODE -prparam=COMRAM \
  C:\Users\Admin\AppData\Local\Temp\s2tg.obj \
  dist/default/production\Shield2_1_2017.X.production.obj 

Object code version is 3.11

Machine type is 18F4550

Call graph: (short form)




                Name                               Link     Load   Length Selector   Space Scale
C:\Users\Admin\AppData\Local\Temp\s2tg.obj
                init                               200E     200E        4     1004       0
                reset_vec                          2000     2000        4     1000       0
                idloc                            200000   200000        8   200000       0
                config                           300000   300000        E   300000       0
dist/default/production\Shield2_1_2017.X.production.obj
                intcode                            2008     2008        6     1004       0
                temp                                 4F       4F        1        1       1
                smallconst                         2018     2018       52     100C       0
                text32                             7594     7594       10     3ACA       0
                text31                             7690     7690       26     3B48       0
                text30                             75F4     75F4       1C     3AFA       0
                text29                             75C4     75C4       18     3AE2       0
                intcode_body                       795C     795C       86     3CAE       0
                text27                             7A70     7A70       CC     3D38       0
                text26                             778E     778E       32     3BC7       0
                text25                             7D9A     7D9A      266     3ECD       0
                text24                             7610     7610       20     3B08       0
                text23                             76B6     76B6       28     3B5B       0
                text22                             7630     7630       20     3B18       0
                text21                             756A     756A        E     3AB5       0
                text20                             7546     7546        C     3AA3       0
                text19                             7650     7650       20     3B28       0
                text18                             78D8     78D8       84     3C6C       0
                text17                             7868     7868       70     3C34       0
                text16                             7578     7578        E     3ABC       0
                text15                             7586     7586        E     3AC3       0
                text14                             7552     7552        C     3AA9       0
                text13                             75A4     75A4       10     3AD2       0
                text12                             77F4     77F4       3A     3BFA       0
                text11                             7760     7760       2E     3BB0       0
                text10                             7708     7708       2C     3B84       0
                text9                              755E     755E        C     3AAF       0
                text8                              75B4     75B4       10     3ADA       0
                text7                              7B3C     7B3C      25E     3D9E       0
                text6                              79E2     79E2       8E     3CF1       0
                text5                              7734     7734       2C     3B9A       0
                text4                              75DC     75DC       18     3AEE       0
                text3                              7670     7670       20     3B38       0
                text2                              76DE     76DE       2A     3B6F       0
                text1                              77C0     77C0       34     3BE0       0
                text0                              7532     7532        A     3A99       0
                cstackCOMRAM                         25       25       20        1       1
                cstackBANK0                          60       60        7       60       1
                dataCOMRAM                           45       45        A        1       1
                bssCOMRAM                             1        1       24        1       1
                cinit                              782E     782E       3A     3C17       0
                idataCOMRAM                        753C     753C        A     753C       0

TOTAL           Name                               Link     Load   Length     Space
        CLASS   STACK          

        CLASS   CODE           
                intcode                            2008     2008        6         0
                init                               200E     200E        4         0
                reset_vec                          2000     2000        4         0
                text32                             7594     7594       10         0
                text31                             7690     7690       26         0
                text30                             75F4     75F4       1C         0
                text29                             75C4     75C4       18         0
                intcode_body                       795C     795C       86         0
                text27                             7A70     7A70       CC         0
                text26                             778E     778E       32         0
                text25                             7D9A     7D9A      266         0
                text24                             7610     7610       20         0
                text23                             76B6     76B6       28         0
                text22                             7630     7630       20         0
                text21                             756A     756A        E         0
                text20                             7546     7546        C         0
                text19                             7650     7650       20         0
                text18                             78D8     78D8       84         0
                text17                             7868     7868       70         0
                text16                             7578     7578        E         0
                text15                             7586     7586        E         0
                text14                             7552     7552        C         0
                text13                             75A4     75A4       10         0
                text12                             77F4     77F4       3A         0
                text11                             7760     7760       2E         0
                text10                             7708     7708       2C         0
                text9                              755E     755E        C         0
                text8                              75B4     75B4       10         0
                text7                              7B3C     7B3C      25E         0
                text6                              79E2     79E2       8E         0
                text5                              7734     7734       2C         0
                text4                              75DC     75DC       18         0
                text3                              7670     7670       20         0
                text2                              76DE     76DE       2A         0
                text1                              77C0     77C0       34         0
                text0                              7532     7532        A         0
                cinit                              782E     782E       3A         0
                idataCOMRAM                        753C     753C        A         0

        CLASS   CONST          

        CLASS   SMALLCONST     
                smallconst                         2018     2018       52         0

        CLASS   MEDIUMCONST    

        CLASS   COMRAM         
                temp                                 4F       4F        1         1
                cstackCOMRAM                         25       25       20         1
                dataCOMRAM                           45       45        A         1
                bssCOMRAM                             1        1       24         1

        CLASS   ABS1           

        CLASS   BIGRAM         

        CLASS   RAM            

        CLASS   BANK0          
                cstackBANK0                          60       60        7         1

        CLASS   BANK1          

        CLASS   BANK2          

        CLASS   BANK3          

        CLASS   BANK4          

        CLASS   BANK5          

        CLASS   BANK6          

        CLASS   BANK7          

        CLASS   SFR            

        CLASS   FARRAM         

        CLASS   CONFIG         
                config                           300000   300000        E         0

        CLASS   IDLOC          
                idloc                            200000   200000        8         0

        CLASS   EEDATA         



SEGMENTS        Name                           Load    Length   Top    Selector   Space  Class

                bssCOMRAM                      000001  00004F  000050         1       1  COMRAM  
                cstackBANK0                    000060  000007  000067        60       1  BANK0   
                reset_vec                      002000  000004  002004      1000       0  CODE    
                intcode                        002008  00000A  002012      1004       0  CODE    
                smallconst                     002018  000052  00206A      100C       0  SMALLCON
                text0                          007532  00000A  00753C      3A99       0  CODE    
                idataCOMRAM                    00753C  00000A  007546      753C       0  CODE    
                text20                         007546  00000C  007552      3AA3       0  CODE    
                text14                         007552  00000C  00755E      3AA9       0  CODE    
                text9                          00755E  00000C  00756A      3AAF       0  CODE    
                text21                         00756A  00000E  007578      3AB5       0  CODE    
                text16                         007578  00000E  007586      3ABC       0  CODE    
                text15                         007586  00000E  007594      3AC3       0  CODE    
                text32                         007594  000010  0075A4      3ACA       0  CODE    
                text13                         0075A4  000010  0075B4      3AD2       0  CODE    
                text8                          0075B4  000010  0075C4      3ADA       0  CODE    
                text29                         0075C4  000018  0075DC      3AE2       0  CODE    
                text4                          0075DC  000018  0075F4      3AEE       0  CODE    
                text30                         0075F4  00001C  007610      3AFA       0  CODE    
                text24                         007610  000020  007630      3B08       0  CODE    
                text22                         007630  000020  007650      3B18       0  CODE    
                text19                         007650  000020  007670      3B28       0  CODE    
                text3                          007670  000020  007690      3B38       0  CODE    
                text31                         007690  000026  0076B6      3B48       0  CODE    
                text23                         0076B6  000028  0076DE      3B5B       0  CODE    
                text2                          0076DE  00002A  007708      3B6F       0  CODE    
                text10                         007708  00002C  007734      3B84       0  CODE    
                text5                          007734  00002C  007760      3B9A       0  CODE    
                text11                         007760  00002E  00778E      3BB0       0  CODE    
                text26                         00778E  000032  0077C0      3BC7       0  CODE    
                text1                          0077C0  000034  0077F4      3BE0       0  CODE    
                text12                         0077F4  00003A  00782E      3BFA       0  CODE    
                cinit                          00782E  00003A  007868      3C17       0  CODE    
                text17                         007868  000070  0078D8      3C34       0  CODE    
                text18                         0078D8  000084  00795C      3C6C       0  CODE    
                intcode_body                   00795C  000086  0079E2      3CAE       0  CODE    
                text6                          0079E2  00008E  007A70      3CF1       0  CODE    
                text27                         007A70  0000CC  007B3C      3D38       0  CODE    
                text7                          007B3C  00025E  007D9A      3D9E       0  CODE    
                text25                         007D9A  000266  008000      3ECD       0  CODE    
                idloc                          200000  000008  200008    200000       0  IDLOC   
                config                         300000  00000E  30000E    300000       0  CONFIG  


UNUSED ADDRESS RANGES

        Name                Unused          Largest block    Delta
        BANK0            000067-0000FF               99
        BANK1            000100-0001FF              100
        BANK2            000200-0002FF              100
        BANK3            000300-0003FF              100
        BANK4            000400-0004FF              100
        BANK5            000500-0005FF              100
        BANK6            000600-0006FF              100
        BANK7            000700-0007FF              100
        BIGRAM           000050-00005F               10
                         000067-0007FF              799
        CODE             002004-002005                2
                         002012-002015                4
                         00206A-007531             54C8
        COMRAM           000050-00005F               10
        CONST            002004-002005                2
                         002012-002015                4
                         00206A-007531             54C8
        EEDATA           F00000-F000FF              100
        FARRAM           000000-000000                1
        MEDIUMCONST      002004-002005                2
                         002012-002015                4
                         00206A-007531             54C8
        RAM              000067-0007FF              100
        SFR              000F60-000FFF               A0
        SMALLCONST       002004-002005                2
                         002012-002015                4
                         00206A-007531              100
        STACK            000067-0007FF              799

                                  Symbol Table

?___aldiv                     cstackCOMRAM 000035
?___awdiv                     cstackCOMRAM 00003B
?___awmod                     cstackCOMRAM 000035
?___wmul                      cstackBANK0  000060
AumentarPeriodo@valor         cstackBANK0  000066
Botones13@Estado_BOT          bssCOMRAM    000009
DisminuirPeriodo@valor        cstackBANK0  000066
Leds13@i                      dataCOMRAM   000045
Send4Disp@Nro_Disp            dataCOMRAM   000046
_ADCON0bits                   (abs)        000FC2
_ADCON1                       (abs)        000FC1
_ADCON2                       (abs)        000FC0
_ADRESH                       (abs)        000FC4
_AumentarPeriodo              text24       007610
_BAUDCONbits                  (abs)        000FB8
_CCP1CONbits                  (abs)        000FBD
_CCPR1L                       (abs)        000FBE
_CMCON                        (abs)        000FB4
_CalculoDeFrecuencia          text25       007D9A
_DesplazarIzquierda           text20       007546
_DisminuirPeriodo             text19       007650
_EEADR                        (abs)        000FA9
_EECON1bits                   (abs)        000FA6
_EECON2                       (abs)        000FA7
_EEDATA                       (abs)        000FA8
_EstadoDeLosBotones           bssCOMRAM    00000A
_INT0IE                       (abs)        007F94
_INT0IF                       (abs)        007F91
_INT1IE                       (abs)        007F83
_INT1IF                       (abs)        007F80
_INTCON2bits                  (abs)        000FF1
_INTCON3bits                  (abs)        000FF0
_INTCONbits                   (abs)        000FF2
_LATA                         (abs)        000F89
_LATAbits                     (abs)        000F89
_LATB                         (abs)        000F8A
_LATBbits                     (abs)        000F8A
_LATC                         (abs)        000F8B
_LATCbits                     (abs)        000F8B
_LATD                         (abs)        000F8C
_LATDbits                     (abs)        000F8C
_LATE                         (abs)        000F8D
_LATEbits                     (abs)        000F8D
_LCD_init                     text6        0079E2
_LCD_tout                     bssCOMRAM    000001
_LowerByte                    bssCOMRAM    00000B
_MedioPeriodoSet              bssCOMRAM    000003
_Multiplicador                bssCOMRAM    00000C
_MultiplicadorSet             bssCOMRAM    00000D
_OffsetPeriodo                dataCOMRAM   000047
_PIE1bits                     (abs)        000F9D
_PIR1bits                     (abs)        000F9E
_PORTA                        (abs)        000F80
_PORTB                        (abs)        000F81
_PORTBbits                    (abs)        000F81
_PORTDbits                    (abs)        000F83
_PORTEbits                    (abs)        000F84
_PR2                          (abs)        000FCB
_PicIni21                     text5        007734
_RBIE                         (abs)        007F93
_RBIF                         (abs)        007F90
_RBIP                         (abs)        007F88
_RBPU                         (abs)        007F8F
_RCREG                        (abs)        000FAE
_RCSTAbits                    (abs)        000FAB
_SPBRG                        (abs)        000FAF
_SPBRGH                       (abs)        000FB0
_T0CONbits                    (abs)        000FD5
_T1CONbits                    (abs)        000FCD
_T2CONbits                    (abs)        000FCA
_TIMER0_INI                   text4        0075DC
_TIMER1_INI                   text3        007670
_TMR0H                        (abs)        000FD7
_TMR0IF                       (abs)        007F92
_TMR0L                        (abs)        000FD6
_TMR1H                        (abs)        000FCF
_TMR1L                        (abs)        000FCE
_TRISA                        (abs)        000F92
_TRISAbits                    (abs)        000F92
_TRISB                        (abs)        000F93
_TRISBbits                    (abs)        000F93
_TRISC                        (abs)        000F94
_TRISCbits                    (abs)        000F94
_TRISD                        (abs)        000F95
_TRISE                        (abs)        000F96
_TRISEbits                    (abs)        000F96
_TXREG                        (abs)        000FAD
_TXSTAbits                    (abs)        000FAC
_USART_INI                    text2        0076DE
_UpperByte                    dataCOMRAM   000048
__CFG_BOR$ON                  (abs)        000000
__CFG_BORV$3                  (abs)        000000
__CFG_CP0$OFF                 (abs)        000000
__CFG_CP1$OFF                 (abs)        000000
__CFG_CPB$OFF                 (abs)        000000
__CFG_CPUDIV$OSC1_PLL2        (abs)        000000
__CFG_EBTR0$OFF               (abs)        000000
__CFG_EBTR1$OFF               (abs)        000000
__CFG_EBTRB$OFF               (abs)        000000
__CFG_FCMEN$OFF               (abs)        000000
__CFG_FOSC$HSPLL_HS           (abs)        000000
__CFG_IESO$OFF                (abs)        000000
__CFG_LPT1OSC$OFF             (abs)        000000
__CFG_LVP$OFF                 (abs)        000000
__CFG_MCLRE$ON                (abs)        000000
__CFG_PBADEN$OFF              (abs)        000000
__CFG_PLLDIV$5                (abs)        000000
__CFG_PWRT$OFF                (abs)        000000
__CFG_STVREN$ON               (abs)        000000
__CFG_USBDIV$2                (abs)        000000
__CFG_VREGEN$ON               (abs)        000000
__CFG_WDT$OFF                 (abs)        000000
__CFG_WDTPS$32768             (abs)        000000
__CFG_WRT0$OFF                (abs)        000000
__CFG_WRT1$OFF                (abs)        000000
__CFG_WRTB$OFF                (abs)        000000
__CFG_WRTC$OFF                (abs)        000000
__CFG_XINST$OFF               (abs)        000000
__HRAM                        (abs)        000000
__Habs1                       abs1         000000
__Hbank0                      bank0        000000
__Hbank1                      bank1        000000
__Hbank2                      bank2        000000
__Hbank3                      bank3        000000
__Hbank4                      bank4        000000
__Hbank5                      bank5        000000
__Hbank6                      bank6        000000
__Hbank7                      bank7        000000
__Hbigbss                     bigbss       000000
__Hbigdata                    bigdata      000000
__Hbigram                     bigram       000000
__Hbss                        bss          000000
__HbssCOMRAM                  bssCOMRAM    000000
__Hcinit                      cinit        000000
__Hclrtext                    clrtext      000000
__Hcomram                     comram       000000
__Hconfig                     config       30000E
__Hconst                      const        000000
__HcstackBANK0                cstackBANK0  000000
__HcstackCOMRAM               cstackCOMRAM 000000
__Hdata                       data         000000
__HdataCOMRAM                 dataCOMRAM   000000
__Heeprom_data                eeprom_data  000000
__Hfarbss                     farbss       000000
__Hfardata                    fardata      000000
__Hibigdata                   ibigdata     000000
__Hidata                      idata        000000
__HidataCOMRAM                idataCOMRAM  000000
__Hidloc                      idloc        200008
__Hifardata                   ifardata     000000
__Hinit                       init         002012
__Hintcode                    intcode      00200E
__Hintcode_body               intcode_body 000000
__Hintcodelo                  intcodelo    00200E
__Hintentry                   intentry     000000
__Hintret                     intret       000000
__Hintsave_regs               intsave_regs 000000
__Hirdata                     irdata       000000
__Hmediumconst                mediumconst  000000
__HnvFARRAM                   nvFARRAM     000000
__Hnvbit                      nvbit        000000
__Hnvrram                     nvrram       000000
__Hparam                      rparam       000000
__Hpowerup                    powerup      00200E
__Hram                        ram          000000
__Hramtop                     ramtop       000800
__Hrbit                       rbit         000000
__Hrbss                       rbss         000000
__Hrdata                      rdata        000000
__Hreset_vec                  reset_vec    002004
__Hrparam                     rparam       000000
__Hsfr                        sfr          000000
__Hsmallconst                 smallconst   00206A
__Hspace_0                    (abs)        30000E
__Hspace_1                    (abs)        000067
__Hspace_2                    (abs)        000000
__Hstack                      stack        000000
__Hstruct                     struct       000000
__Htemp                       temp         000050
__Htext                       text         000000
__Htext0                      text0        000000
__Htext1                      text1        000000
__Htext10                     text10       000000
__Htext11                     text11       000000
__Htext12                     text12       000000
__Htext13                     text13       000000
__Htext14                     text14       000000
__Htext15                     text15       000000
__Htext16                     text16       000000
__Htext17                     text17       000000
__Htext18                     text18       000000
__Htext19                     text19       000000
__Htext2                      text2        000000
__Htext20                     text20       000000
__Htext21                     text21       000000
__Htext22                     text22       000000
__Htext23                     text23       000000
__Htext24                     text24       000000
__Htext25                     text25       000000
__Htext26                     text26       000000
__Htext27                     text27       000000
__Htext29                     text29       000000
__Htext3                      text3        000000
__Htext30                     text30       000000
__Htext31                     text31       000000
__Htext32                     text32       000000
__Htext4                      text4        000000
__Htext5                      text5        000000
__Htext6                      text6        000000
__Htext7                      text7        000000
__Htext8                      text8        000000
__Htext9                      text9        000000
__LRAM                        (abs)        000001
__Labs1                       abs1         000000
__Lbank0                      bank0        000000
__Lbank1                      bank1        000000
__Lbank2                      bank2        000000
__Lbank3                      bank3        000000
__Lbank4                      bank4        000000
__Lbank5                      bank5        000000
__Lbank6                      bank6        000000
__Lbank7                      bank7        000000
__Lbigbss                     bigbss       000000
__Lbigdata                    bigdata      000000
__Lbigram                     bigram       000000
__Lbss                        bss          000000
__LbssCOMRAM                  bssCOMRAM    000000
__Lcinit                      cinit        000000
__Lclrtext                    clrtext      000000
__Lcomram                     comram       000000
__Lconfig                     config       300000
__Lconst                      const        000000
__LcstackBANK0                cstackBANK0  000000
__LcstackCOMRAM               cstackCOMRAM 000000
__Ldata                       data         000000
__LdataCOMRAM                 dataCOMRAM   000000
__Leeprom_data                eeprom_data  000000
__Lfarbss                     farbss       000000
__Lfardata                    fardata      000000
__Libigdata                   ibigdata     000000
__Lidata                      idata        000000
__LidataCOMRAM                idataCOMRAM  000000
__Lidloc                      idloc        200000
__Lifardata                   ifardata     000000
__Linit                       init         00200E
__Lintcode                    intcode      002008
__Lintcode_body               intcode_body 000000
__Lintcodelo                  intcodelo    00200E
__Lintentry                   intentry     000000
__Lintret                     intret       000000
__Lintsave_regs               intsave_regs 000000
__Lirdata                     irdata       000000
__Lmediumconst                mediumconst  000000
__LnvFARRAM                   nvFARRAM     000000
__Lnvbit                      nvbit        000000
__Lnvrram                     nvrram       000000
__Lparam                      rparam       000000
__Lpowerup                    powerup      00200E
__Lram                        ram          000000
__Lramtop                     ramtop       000800
__Lrbit                       rbit         000000
__Lrbss                       rbss         000000
__Lrdata                      rdata        000000
__Lreset_vec                  reset_vec    002000
__Lrparam                     rparam       000000
__Lsfr                        sfr          000000
__Lsmallconst                 smallconst   002018
__Lspace_0                    (abs)        000000
__Lspace_1                    (abs)        000000
__Lspace_2                    (abs)        000000
__Lstack                      stack        000000
__Lstruct                     struct       000000
__Ltemp                       temp         00004F
__Ltext                       text         000000
__Ltext0                      text0        000000
__Ltext1                      text1        000000
__Ltext10                     text10       000000
__Ltext11                     text11       000000
__Ltext12                     text12       000000
__Ltext13                     text13       000000
__Ltext14                     text14       000000
__Ltext15                     text15       000000
__Ltext16                     text16       000000
__Ltext17                     text17       000000
__Ltext18                     text18       000000
__Ltext19                     text19       000000
__Ltext2                      text2        000000
__Ltext20                     text20       000000
__Ltext21                     text21       000000
__Ltext22                     text22       000000
__Ltext23                     text23       000000
__Ltext24                     text24       000000
__Ltext25                     text25       000000
__Ltext26                     text26       000000
__Ltext27                     text27       000000
__Ltext29                     text29       000000
__Ltext3                      text3        000000
__Ltext30                     text30       000000
__Ltext31                     text31       000000
__Ltext32                     text32       000000
__Ltext4                      text4        000000
__Ltext5                      text5        000000
__Ltext6                      text6        000000
__Ltext7                      text7        000000
__Ltext8                      text8        000000
__Ltext9                      text9        000000
__S0                          (abs)        30000E
__S1                          (abs)        000067
__S2                          (abs)        000000
___aldiv                      text27       007A70
___aldiv@counter              cstackCOMRAM 00003D
___aldiv@dividend             cstackCOMRAM 000035
___aldiv@divisor              cstackCOMRAM 000039
___aldiv@quotient             cstackCOMRAM 00003F
___aldiv@sign                 cstackCOMRAM 00003E
___awdiv                      text18       0078D8
___awdiv@counter              cstackCOMRAM 00003F
___awdiv@dividend             cstackCOMRAM 00003B
___awdiv@divisor              cstackCOMRAM 00003D
___awdiv@quotient             cstackCOMRAM 000041
___awdiv@sign                 cstackCOMRAM 000040
___awmod                      text17       007868
___awmod@counter              cstackCOMRAM 000039
___awmod@dividend             cstackCOMRAM 000035
___awmod@divisor              cstackCOMRAM 000037
___awmod@sign                 cstackCOMRAM 00003A
___inthi_sp                   stack        000000
___intlo_sp                   stack        000000
___param_bank                 (abs)        000000
___rparam_used                (abs)        000001
___sp                         stack        000000
___wmul                       text26       00778E
___wmul@multiplicand          cstackBANK0  000062
___wmul@multiplier            cstackBANK0  000060
___wmul@product               cstackCOMRAM 000043
__accesstop                   (abs)        000060
__activetblptr                (abs)        000002
__end_of_AumentarPeriodo      text24       007630
__end_of_CalculoDeFrecuencia  text25       008000
__end_of_DesplazarIzquierda   text20       007552
__end_of_DisminuirPeriodo     text19       007670
__end_of_LCD_init             text6        007A70
__end_of_PicIni21             text5        007760
__end_of_TIMER0_INI           text4        0075F4
__end_of_TIMER1_INI           text3        007690
__end_of_USART_INI            text2        007708
__end_of___aldiv              text27       007B3C
__end_of___awdiv              text18       00795C
__end_of___awmod              text17       0078D8
__end_of___wmul               text26       0077C0
__end_of__initialization      cinit        00785A
__end_of_char2LCD             text15       007594
__end_of_clear_LCD            text14       00755E
__end_of_debounce             text31       0076B6
__end_of_demo_shield2_1       text7        007D9A
__end_of_demo_shield2_1_INI   text1        0077F4
__end_of_informar             text12       00782E
__end_of_main                 text0        00753C
__end_of_msg2LCD              text11       00778E
__end_of_myISR                intcode_body 0079E2
__end_of_obtener_ADC8         text10       007734
__end_of_read_BUSY            text23       0076DE
__end_of_ret_HOME             text9        00756A
__end_of_set_CURSOR           text8        0075C4
__end_of_teclas               smallconst   002025
__end_of_tic_LCD              text32       0075A4
__end_of_tic_debounce         text30       007610
__end_of_tic_demo_shield2_1   text29       0075DC
__end_of_transmitir           text13       0075B4
__end_of_write_CMD            text21       007578
__end_of_write_DATA           text16       007586
__end_of_write_LCD            text22       007650
__initialization              cinit        00782E
__mediumconst                 mediumconst  000000
__pbssCOMRAM                  bssCOMRAM    000001
__pcinit                      cinit        00782E
__pcstackBANK0                cstackBANK0  000060
__pcstackCOMRAM               cstackCOMRAM 000025
__pdataCOMRAM                 dataCOMRAM   000045
__pidataCOMRAM                idataCOMRAM  00753C
__pintcode                    intcode      002008
__pintcode_body               intcode_body 00795C
__psmallconst                 smallconst   002018
__ptext0                      text0        007532
__ptext1                      text1        0077C0
__ptext10                     text10       007708
__ptext11                     text11       007760
__ptext12                     text12       0077F4
__ptext13                     text13       0075A4
__ptext14                     text14       007552
__ptext15                     text15       007586
__ptext16                     text16       007578
__ptext17                     text17       007868
__ptext18                     text18       0078D8
__ptext19                     text19       007650
__ptext2                      text2        0076DE
__ptext20                     text20       007546
__ptext21                     text21       00756A
__ptext22                     text22       007630
__ptext23                     text23       0076B6
__ptext24                     text24       007610
__ptext25                     text25       007D9A
__ptext26                     text26       00778E
__ptext27                     text27       007A70
__ptext29                     text29       0075C4
__ptext3                      text3        007670
__ptext30                     text30       0075F4
__ptext31                     text31       007690
__ptext32                     text32       007594
__ptext4                      text4        0075DC
__ptext5                      text5        007734
__ptext6                      text6        0079E2
__ptext7                      text7        007B3C
__ptext8                      text8        0075B4
__ptext9                      text9        00755E
__ramtop                      ramtop       000800
__size_of_AumentarPeriodo     (abs)        000000
__size_of_CalculoDeFrecuencia (abs)        000000
__size_of_DesplazarIzquierda  (abs)        000000
__size_of_DisminuirPeriodo    (abs)        000000
__size_of_LCD_init            (abs)        000000
__size_of_PicIni21            (abs)        000000
__size_of_TIMER0_INI          (abs)        000000
__size_of_TIMER1_INI          (abs)        000000
__size_of_USART_INI           (abs)        000000
__size_of___aldiv             (abs)        000000
__size_of___awdiv             (abs)        000000
__size_of___awmod             (abs)        000000
__size_of___wmul              (abs)        000000
__size_of_char2LCD            (abs)        000000
__size_of_clear_LCD           (abs)        000000
__size_of_debounce            (abs)        000000
__size_of_demo_shield2_1      (abs)        000000
__size_of_demo_shield2_1_INI  (abs)        000000
__size_of_informar            (abs)        000000
__size_of_main                (abs)        000000
__size_of_msg2LCD             (abs)        000000
__size_of_myISR               (abs)        000000
__size_of_obtener_ADC8        (abs)        000000
__size_of_read_BUSY           (abs)        000000
__size_of_ret_HOME            (abs)        000000
__size_of_set_CURSOR          (abs)        000000
__size_of_tic_LCD             (abs)        000000
__size_of_tic_debounce        (abs)        000000
__size_of_tic_demo_shield2_1  (abs)        000000
__size_of_transmitir          (abs)        000000
__size_of_write_CMD           (abs)        000000
__size_of_write_DATA          (abs)        000000
__size_of_write_LCD           (abs)        000000
__smallconst                  smallconst   002018
_bot_tout                     bssCOMRAM    00000E
_char2LCD                     text15       007586
_clear_LCD                    text14       007552
_col                          dataCOMRAM   000049
_debounce                     text31       007690
_delay_kb                     bssCOMRAM    00000F
_demo_shield2_1               text7        007B3C
_demo_shield2_1_INI           text1        0077C0
_desplazar_tout               bssCOMRAM    000005
_encoderTout                  bssCOMRAM    000010
_fila                         dataCOMRAM   00004A
_flagCanal                    bssCOMRAM    000011
_flag_kb                      bssCOMRAM    000012
_frecuencia                   dataCOMRAM   00004D
_informar                     text12       0077F4
_led_tout                     bssCOMRAM    000007
_main                         text0        007532
_maximoEncoder                bssCOMRAM    000013
_minimoEncoder                bssCOMRAM    000014
_msg2LCD                      text11       007760
_mux_tout                     bssCOMRAM    000015
_myISR                        intcode      002008
_obtener_ADC8                 text10       007708
_posicionEncoder              bssCOMRAM    000016
_read_BUSY                    text23       0076B6
_ret_HOME                     text9        00755E
_set_CURSOR                   text8        0075B4
_teclas                       smallconst   002019
_tic_LCD                      text32       007594
_tic_debounce                 text30       0075F4
_tic_demo_shield2_1           text29       0075C4
_transmitir                   text13       0075A4
_write_CMD                    text21       00756A
_write_DATA                   text16       007578
_write_LCD                    text22       007630
btemp                         temp         00004F
char2LCD@dato                 cstackCOMRAM 000037
debounce@cnt0                 bssCOMRAM    000017
debounce@cnt1                 bssCOMRAM    000018
debounce@delta                cstackCOMRAM 000026
debounce@sample               cstackCOMRAM 000025
debounce@state                bssCOMRAM    000019
demo_shield2_1@Desplazar      bssCOMRAM    00001A
demo_shield2_1@PrimeraVez     bssCOMRAM    00001B
demo_shield2_1@cont           bssCOMRAM    00001C
demo_shield2_1@cont1          bssCOMRAM    00001D
demo_shield2_1@cont2          bssCOMRAM    00001E
demo_shield2_1@cont3          bssCOMRAM    00001F
demo_shield2_1@flag0          bssCOMRAM    000020
demo_shield2_1@flag1          bssCOMRAM    000021
demo_shield2_1@flag2          bssCOMRAM    000022
demo_shield2_1@flag3          bssCOMRAM    000023
end_of_initialization         cinit        00785A
informar@dato                 cstackCOMRAM 000036
informar@i                    cstackCOMRAM 00003B
informar@longitud             cstackCOMRAM 000038
int$flags                     temp         00004F
int_func                      intcode_body 00795C
intlevel0                     text         000000
intlevel1                     text         000000
intlevel2                     text         000000
intlevel3                     text         000000
msg2LCD@datos                 cstackCOMRAM 000037
obtener_ADC8@GuardoPorta      cstackCOMRAM 000035
obtener_ADC8@GuardoTrisa      cstackCOMRAM 000036
read_BUSY@aux                 cstackCOMRAM 000035
set_CURSOR@posi               cstackCOMRAM 000037
stackhi                       (abs)        0007FF
stacklo                       (abs)        000067
start                         init         00200E
start_initialization          cinit        00782E
tecla@status_KB               bssCOMRAM    000024
tic_debounce@debounce_tic     dataCOMRAM   00004B
tic_encoder@estado            dataCOMRAM   00004C
transmitir@Dato               cstackCOMRAM 000035
write_CMD@dato                cstackCOMRAM 000036
write_DATA@dato               cstackCOMRAM 000036
write_LCD@dato                cstackCOMRAM 000035


FUNCTION INFORMATION:

 *************** function _main *****************
 Defined at:
		line 23 in file "main.c"
 Parameters:    Size  Location     Type
		None
 Auto vars:     Size  Location     Type
		None
 Return value:  Size  Location     Type
                  1    wreg      void 
 Registers used:
		wreg, status,2, status,0, tblptrl, tblptrh, tblptru, prodl, prodh, cstack
 Tracked objects:
		On entry : 
		On exit  : 
		Unchanged: 
 Data sizes:     COMRAM   BANK0   BANK1   BANK2   BANK3   BANK4   BANK5   BANK6   BANK7
      Params:         0       0       0       0       0       0       0       0       0
      Locals:         0       0       0       0       0       0       0       0       0
      Temps:          0       0       0       0       0       0       0       0       0
      Totals:         0       0       0       0       0       0       0       0       0
Total ram usage:        0 bytes
 Hardware stack levels required when called:    8
 This function calls:
		_demo_shield2_1
		_demo_shield2_1_INI
 This function is called by:
		Startup code after reset
 This function uses a non-reentrant model


 *************** function _demo_shield2_1_INI *****************
 Defined at:
		line 247 in file "Tecnica1.c"
 Parameters:    Size  Location     Type
		None
 Auto vars:     Size  Location     Type
		None
 Return value:  Size  Location     Type
                  1    wreg      void 
 Registers used:
		wreg, status,2, status,0, tblptrl, tblptrh, tblptru, prodl, prodh, cstack
 Tracked objects:
		On entry : 
		On exit  : 
		Unchanged: 
 Data sizes:     COMRAM   BANK0   BANK1   BANK2   BANK3   BANK4   BANK5   BANK6   BANK7
      Params:         0       0       0       0       0       0       0       0       0
      Locals:         0       0       0       0       0       0       0       0       0
      Temps:          0       0       0       0       0       0       0       0       0
      Totals:         0       0       0       0       0       0       0       0       0
Total ram usage:        0 bytes
 Hardware stack levels used:    1
 Hardware stack levels required when called:    7
 This function calls:
		_CalculoDeFrecuencia
		_LCD_init
		_PicIni21
		_TIMER0_INI
		_TIMER1_INI
		_USART_INI
		_clear_LCD
		_msg2LCD
 This function is called by:
		_main
 This function uses a non-reentrant model


 *************** function _USART_INI *****************
 Defined at:
		line 42 in file "Tecnica1.c"
 Parameters:    Size  Location     Type
		None
 Auto vars:     Size  Location     Type
		None
 Return value:  Size  Location     Type
                  1    wreg      void 
 Registers used:
		wreg, status,2
 Tracked objects:
		On entry : 
		On exit  : 
		Unchanged: 
 Data sizes:     COMRAM   BANK0   BANK1   BANK2   BANK3   BANK4   BANK5   BANK6   BANK7
      Params:         0       0       0       0       0       0       0       0       0
      Locals:         0       0       0       0       0       0       0       0       0
      Temps:          0       0       0       0       0       0       0       0       0
      Totals:         0       0       0       0       0       0       0       0       0
Total ram usage:        0 bytes
 Hardware stack levels used:    1
 Hardware stack levels required when called:    4
 This function calls:
		Nothing
 This function is called by:
		_demo_shield2_1_INI
 This function uses a non-reentrant model


 *************** function _TIMER1_INI *****************
 Defined at:
		line 26 in file "Tecnica1.c"
 Parameters:    Size  Location     Type
		None
 Auto vars:     Size  Location     Type
		None
 Return value:  Size  Location     Type
                  1    wreg      void 
 Registers used:
		wreg, status,2
 Tracked objects:
		On entry : 
		On exit  : 
		Unchanged: 
 Data sizes:     COMRAM   BANK0   BANK1   BANK2   BANK3   BANK4   BANK5   BANK6   BANK7
      Params:         0       0       0       0       0       0       0       0       0
      Locals:         0       0       0       0       0       0       0       0       0
      Temps:          0       0       0       0       0       0       0       0       0
      Totals:         0       0       0       0       0       0       0       0       0
Total ram usage:        0 bytes
 Hardware stack levels used:    1
 Hardware stack levels required when called:    4
 This function calls:
		Nothing
 This function is called by:
		_demo_shield2_1_INI
 This function uses a non-reentrant model


 *************** function _TIMER0_INI *****************
 Defined at:
		line 14 in file "Tecnica1.c"
 Parameters:    Size  Location     Type
		None
 Auto vars:     Size  Location     Type
		None
 Return value:  Size  Location     Type
                  1    wreg      void 
 Registers used:
		wreg, status,2
 Tracked objects:
		On entry : 
		On exit  : 
		Unchanged: 
 Data sizes:     COMRAM   BANK0   BANK1   BANK2   BANK3   BANK4   BANK5   BANK6   BANK7
      Params:         0       0       0       0       0       0       0       0       0
      Locals:         0       0       0       0       0       0       0       0       0
      Temps:          0       0       0       0       0       0       0       0       0
      Totals:         0       0       0       0       0       0       0       0       0
Total ram usage:        0 bytes
 Hardware stack levels used:    1
 Hardware stack levels required when called:    4
 This function calls:
		Nothing
 This function is called by:
		_demo_shield2_1_INI
 This function uses a non-reentrant model


 *************** function _PicIni21 *****************
 Defined at:
		line 3 in file "ConfShield2_1.c"
 Parameters:    Size  Location     Type
		None
 Auto vars:     Size  Location     Type
		None
 Return value:  Size  Location     Type
                  1    wreg      void 
 Registers used:
		wreg, status,2
 Tracked objects:
		On entry : 
		On exit  : 
		Unchanged: 
 Data sizes:     COMRAM   BANK0   BANK1   BANK2   BANK3   BANK4   BANK5   BANK6   BANK7
      Params:         0       0       0       0       0       0       0       0       0
      Locals:         0       0       0       0       0       0       0       0       0
      Temps:          0       0       0       0       0       0       0       0       0
      Totals:         0       0       0       0       0       0       0       0       0
Total ram usage:        0 bytes
 Hardware stack levels used:    1
 Hardware stack levels required when called:    4
 This function calls:
		Nothing
 This function is called by:
		_demo_shield2_1_INI
 This function uses a non-reentrant model


 *************** function _LCD_init *****************
 Defined at:
		line 67 in file "lcd.c"
 Parameters:    Size  Location     Type
		None
 Auto vars:     Size  Location     Type
		None
 Return value:  Size  Location     Type
                  1    wreg      void 
 Registers used:
		wreg, status,2, status,0, cstack
 Tracked objects:
		On entry : 
		On exit  : 
		Unchanged: 
 Data sizes:     COMRAM   BANK0   BANK1   BANK2   BANK3   BANK4   BANK5   BANK6   BANK7
      Params:         0       0       0       0       0       0       0       0       0
      Locals:         0       0       0       0       0       0       0       0       0
      Temps:          0       0       0       0       0       0       0       0       0
      Totals:         0       0       0       0       0       0       0       0       0
Total ram usage:        0 bytes
 Hardware stack levels used:    1
 Hardware stack levels required when called:    6
 This function calls:
		_read_BUSY
		_write_CMD
 This function is called by:
		_demo_shield2_1_INI
 This function uses a non-reentrant model


 *************** function _demo_shield2_1 *****************
 Defined at:
		line 264 in file "Tecnica1.c"
 Parameters:    Size  Location     Type
		None
 Auto vars:     Size  Location     Type
		None
 Return value:  Size  Location     Type
                  1    wreg      void 
 Registers used:
		wreg, status,2, status,0, tblptrl, tblptrh, tblptru, prodl, prodh, cstack
 Tracked objects:
		On entry : 
		On exit  : 
		Unchanged: 
 Data sizes:     COMRAM   BANK0   BANK1   BANK2   BANK3   BANK4   BANK5   BANK6   BANK7
      Params:         0       0       0       0       0       0       0       0       0
      Locals:         0       0       0       0       0       0       0       0       0
      Temps:          0       0       0       0       0       0       0       0       0
      Totals:         0       0       0       0       0       0       0       0       0
Total ram usage:        0 bytes
 Hardware stack levels used:    1
 Hardware stack levels required when called:    7
 This function calls:
		_AumentarPeriodo
		_DesplazarIzquierda
		_DisminuirPeriodo
		___awdiv
		___awmod
		_char2LCD
		_clear_LCD
		_informar
		_msg2LCD
		_obtener_ADC8
		_ret_HOME
		_set_CURSOR
		_transmitir
 This function is called by:
		_main
 This function uses a non-reentrant model


 *************** function _set_CURSOR *****************
 Defined at:
		line 56 in file "lcd.c"
 Parameters:    Size  Location     Type
  posi            1    wreg     unsigned char 
 Auto vars:     Size  Location     Type
  posi            1   18[COMRAM] unsigned char 
 Return value:  Size  Location     Type
                  1    wreg      void 
 Registers used:
		wreg, status,2, status,0, cstack
 Tracked objects:
		On entry : 
		On exit  : 
		Unchanged: 
 Data sizes:     COMRAM   BANK0   BANK1   BANK2   BANK3   BANK4   BANK5   BANK6   BANK7
      Params:         0       0       0       0       0       0       0       0       0
      Locals:         1       0       0       0       0       0       0       0       0
      Temps:          0       0       0       0       0       0       0       0       0
      Totals:         1       0       0       0       0       0       0       0       0
Total ram usage:        1 bytes
 Hardware stack levels used:    1
 Hardware stack levels required when called:    6
 This function calls:
		_read_BUSY
		_write_CMD
 This function is called by:
		_demo_shield2_1
 This function uses a non-reentrant model


 *************** function _ret_HOME *****************
 Defined at:
		line 50 in file "lcd.c"
 Parameters:    Size  Location     Type
		None
 Auto vars:     Size  Location     Type
		None
 Return value:  Size  Location     Type
                  1    wreg      void 
 Registers used:
		wreg, status,2, status,0, cstack
 Tracked objects:
		On entry : 
		On exit  : 
		Unchanged: 
 Data sizes:     COMRAM   BANK0   BANK1   BANK2   BANK3   BANK4   BANK5   BANK6   BANK7
      Params:         0       0       0       0       0       0       0       0       0
      Locals:         0       0       0       0       0       0       0       0       0
      Temps:          0       0       0       0       0       0       0       0       0
      Totals:         0       0       0       0       0       0       0       0       0
Total ram usage:        0 bytes
 Hardware stack levels used:    1
 Hardware stack levels required when called:    6
 This function calls:
		_read_BUSY
		_write_CMD
 This function is called by:
		_demo_shield2_1
 This function uses a non-reentrant model


 *************** function _obtener_ADC8 *****************
 Defined at:
		line 126 in file "Tecnica1.c"
 Parameters:    Size  Location     Type
		None
 Auto vars:     Size  Location     Type
  GuardoTrisa     1   17[COMRAM] unsigned char 
  GuardoPorta     1   16[COMRAM] unsigned char 
 Return value:  Size  Location     Type
                  1    wreg      unsigned char 
 Registers used:
		wreg, status,2
 Tracked objects:
		On entry : 
		On exit  : 
		Unchanged: 
 Data sizes:     COMRAM   BANK0   BANK1   BANK2   BANK3   BANK4   BANK5   BANK6   BANK7
      Params:         0       0       0       0       0       0       0       0       0
      Locals:         2       0       0       0       0       0       0       0       0
      Temps:          0       0       0       0       0       0       0       0       0
      Totals:         2       0       0       0       0       0       0       0       0
Total ram usage:        2 bytes
 Hardware stack levels used:    1
 Hardware stack levels required when called:    4
 This function calls:
		Nothing
 This function is called by:
		_demo_shield2_1
 This function uses a non-reentrant model


 *************** function _msg2LCD *****************
 Defined at:
		line 27 in file "lcd.c"
 Parameters:    Size  Location     Type
  datos           2   18[COMRAM] PTR const unsigned char 
		 -> STR_8(28), STR_7(5), STR_6(5), STR_5(5), 
		 -> STR_2(5), STR_1(13), 
 Auto vars:     Size  Location     Type
		None
 Return value:  Size  Location     Type
                  1    wreg      void 
 Registers used:
		wreg, status,2, status,0, tblptrl, tblptrh, tblptru, cstack
 Tracked objects:
		On entry : 
		On exit  : 
		Unchanged: 
 Data sizes:     COMRAM   BANK0   BANK1   BANK2   BANK3   BANK4   BANK5   BANK6   BANK7
      Params:         2       0       0       0       0       0       0       0       0
      Locals:         0       0       0       0       0       0       0       0       0
      Temps:          0       0       0       0       0       0       0       0       0
      Totals:         2       0       0       0       0       0       0       0       0
Total ram usage:        2 bytes
 Hardware stack levels used:    1
 Hardware stack levels required when called:    6
 This function calls:
		_read_BUSY
		_write_DATA
 This function is called by:
		_demo_shield2_1_INI
		_demo_shield2_1
 This function uses a non-reentrant model


 *************** function _informar *****************
 Defined at:
		line 112 in file "Tecnica1.c"
 Parameters:    Size  Location     Type
  dato            2   17[COMRAM] PTR const unsigned char 
		 -> STR_3(6), 
  longitud        1   19[COMRAM] unsigned char 
 Auto vars:     Size  Location     Type
  i               1   22[COMRAM] unsigned char 
 Return value:  Size  Location     Type
                  1    wreg      void 
 Registers used:
		wreg, status,2, status,0, tblptrl, tblptrh, tblptru, prodl, prodh, cstack
 Tracked objects:
		On entry : 
		On exit  : 
		Unchanged: 
 Data sizes:     COMRAM   BANK0   BANK1   BANK2   BANK3   BANK4   BANK5   BANK6   BANK7
      Params:         3       0       0       0       0       0       0       0       0
      Locals:         1       0       0       0       0       0       0       0       0
      Temps:          2       0       0       0       0       0       0       0       0
      Totals:         6       0       0       0       0       0       0       0       0
Total ram usage:        6 bytes
 Hardware stack levels used:    1
 Hardware stack levels required when called:    5
 This function calls:
		_transmitir
 This function is called by:
		_demo_shield2_1
 This function uses a non-reentrant model


 *************** function _transmitir *****************
 Defined at:
		line 118 in file "Tecnica1.c"
 Parameters:    Size  Location     Type
  Dato            1    wreg     unsigned char 
 Auto vars:     Size  Location     Type
  Dato            1   16[COMRAM] unsigned char 
 Return value:  Size  Location     Type
                  1    wreg      void 
 Registers used:
		wreg
 Tracked objects:
		On entry : 
		On exit  : 
		Unchanged: 
 Data sizes:     COMRAM   BANK0   BANK1   BANK2   BANK3   BANK4   BANK5   BANK6   BANK7
      Params:         0       0       0       0       0       0       0       0       0
      Locals:         1       0       0       0       0       0       0       0       0
      Temps:          0       0       0       0       0       0       0       0       0
      Totals:         1       0       0       0       0       0       0       0       0
Total ram usage:        1 bytes
 Hardware stack levels used:    1
 Hardware stack levels required when called:    4
 This function calls:
		Nothing
 This function is called by:
		_informar
		_demo_shield2_1
 This function uses a non-reentrant model


 *************** function _clear_LCD *****************
 Defined at:
		line 44 in file "lcd.c"
 Parameters:    Size  Location     Type
		None
 Auto vars:     Size  Location     Type
		None
 Return value:  Size  Location     Type
                  1    wreg      void 
 Registers used:
		wreg, status,2, status,0, cstack
 Tracked objects:
		On entry : 
		On exit  : 
		Unchanged: 
 Data sizes:     COMRAM   BANK0   BANK1   BANK2   BANK3   BANK4   BANK5   BANK6   BANK7
      Params:         0       0       0       0       0       0       0       0       0
      Locals:         0       0       0       0       0       0       0       0       0
      Temps:          0       0       0       0       0       0       0       0       0
      Totals:         0       0       0       0       0       0       0       0       0
Total ram usage:        0 bytes
 Hardware stack levels used:    1
 Hardware stack levels required when called:    6
 This function calls:
		_read_BUSY
		_write_CMD
 This function is called by:
		_demo_shield2_1_INI
		_demo_shield2_1
 This function uses a non-reentrant model


 *************** function _char2LCD *****************
 Defined at:
		line 37 in file "lcd.c"
 Parameters:    Size  Location     Type
  dato            1    wreg     unsigned char 
 Auto vars:     Size  Location     Type
  dato            1   18[COMRAM] unsigned char 
 Return value:  Size  Location     Type
                  1    wreg      void 
 Registers used:
		wreg, status,2, status,0, cstack
 Tracked objects:
		On entry : 
		On exit  : 
		Unchanged: 
 Data sizes:     COMRAM   BANK0   BANK1   BANK2   BANK3   BANK4   BANK5   BANK6   BANK7
      Params:         0       0       0       0       0       0       0       0       0
      Locals:         1       0       0       0       0       0       0       0       0
      Temps:          0       0       0       0       0       0       0       0       0
      Totals:         1       0       0       0       0       0       0       0       0
Total ram usage:        1 bytes
 Hardware stack levels used:    1
 Hardware stack levels required when called:    6
 This function calls:
		_read_BUSY
		_write_DATA
 This function is called by:
		_demo_shield2_1
 This function uses a non-reentrant model


 *************** function _write_DATA *****************
 Defined at:
		line 101 in file "lcd.c"
 Parameters:    Size  Location     Type
  dato            1    wreg     unsigned char 
 Auto vars:     Size  Location     Type
  dato            1   17[COMRAM] unsigned char 
 Return value:  Size  Location     Type
                  1    wreg      void 
 Registers used:
		wreg, status,2, status,0, cstack
 Tracked objects:
		On entry : 
		On exit  : 
		Unchanged: 
 Data sizes:     COMRAM   BANK0   BANK1   BANK2   BANK3   BANK4   BANK5   BANK6   BANK7
      Params:         0       0       0       0       0       0       0       0       0
      Locals:         1       0       0       0       0       0       0       0       0
      Temps:          0       0       0       0       0       0       0       0       0
      Totals:         1       0       0       0       0       0       0       0       0
Total ram usage:        1 bytes
 Hardware stack levels used:    1
 Hardware stack levels required when called:    5
 This function calls:
		_write_LCD
 This function is called by:
		_msg2LCD
		_char2LCD
 This function uses a non-reentrant model


 *************** function ___awmod *****************
 Defined at:
		line 8 in file "C:\Program Files (x86)\Microchip\xc8\v1.40\sources\common\awmod.c"
 Parameters:    Size  Location     Type
  dividend        2   16[COMRAM] int 
  divisor         2   18[COMRAM] int 
 Auto vars:     Size  Location     Type
  sign            1   21[COMRAM] unsigned char 
  counter         1   20[COMRAM] unsigned char 
 Return value:  Size  Location     Type
                  2   16[COMRAM] int 
 Registers used:
		wreg, status,2, status,0
 Tracked objects:
		On entry : 
		On exit  : 
		Unchanged: 
 Data sizes:     COMRAM   BANK0   BANK1   BANK2   BANK3   BANK4   BANK5   BANK6   BANK7
      Params:         4       0       0       0       0       0       0       0       0
      Locals:         2       0       0       0       0       0       0       0       0
      Temps:          0       0       0       0       0       0       0       0       0
      Totals:         6       0       0       0       0       0       0       0       0
Total ram usage:        6 bytes
 Hardware stack levels used:    1
 Hardware stack levels required when called:    4
 This function calls:
		Nothing
 This function is called by:
		_demo_shield2_1
 This function uses a non-reentrant model


 *************** function ___awdiv *****************
 Defined at:
		line 8 in file "C:\Program Files (x86)\Microchip\xc8\v1.40\sources\common\awdiv.c"
 Parameters:    Size  Location     Type
  dividend        2   22[COMRAM] int 
  divisor         2   24[COMRAM] int 
 Auto vars:     Size  Location     Type
  quotient        2   28[COMRAM] int 
  sign            1   27[COMRAM] unsigned char 
  counter         1   26[COMRAM] unsigned char 
 Return value:  Size  Location     Type
                  2   22[COMRAM] int 
 Registers used:
		wreg, status,2, status,0
 Tracked objects:
		On entry : 
		On exit  : 
		Unchanged: 
 Data sizes:     COMRAM   BANK0   BANK1   BANK2   BANK3   BANK4   BANK5   BANK6   BANK7
      Params:         4       0       0       0       0       0       0       0       0
      Locals:         4       0       0       0       0       0       0       0       0
      Temps:          0       0       0       0       0       0       0       0       0
      Totals:         8       0       0       0       0       0       0       0       0
Total ram usage:        8 bytes
 Hardware stack levels used:    1
 Hardware stack levels required when called:    4
 This function calls:
		Nothing
 This function is called by:
		_demo_shield2_1
 This function uses a non-reentrant model


 *************** function _DisminuirPeriodo *****************
 Defined at:
		line 155 in file "Tecnica1.c"
 Parameters:    Size  Location     Type
  valor           1    wreg     unsigned char 
 Auto vars:     Size  Location     Type
  valor           1    6[BANK0 ] unsigned char 
 Return value:  Size  Location     Type
                  1    wreg      void 
 Registers used:
		wreg, status,2, status,0, prodl, prodh, cstack
 Tracked objects:
		On entry : 
		On exit  : 
		Unchanged: 
 Data sizes:     COMRAM   BANK0   BANK1   BANK2   BANK3   BANK4   BANK5   BANK6   BANK7
      Params:         0       0       0       0       0       0       0       0       0
      Locals:         0       1       0       0       0       0       0       0       0
      Temps:          0       0       0       0       0       0       0       0       0
      Totals:         0       1       0       0       0       0       0       0       0
Total ram usage:        1 bytes
 Hardware stack levels used:    1
 Hardware stack levels required when called:    6
 This function calls:
		_CalculoDeFrecuencia
 This function is called by:
		_demo_shield2_1
 This function uses a non-reentrant model


 *************** function _DesplazarIzquierda *****************
 Defined at:
		line 61 in file "lcd.c"
 Parameters:    Size  Location     Type
		None
 Auto vars:     Size  Location     Type
		None
 Return value:  Size  Location     Type
                  1    wreg      void 
 Registers used:
		wreg, status,2, status,0, cstack
 Tracked objects:
		On entry : 
		On exit  : 
		Unchanged: 
 Data sizes:     COMRAM   BANK0   BANK1   BANK2   BANK3   BANK4   BANK5   BANK6   BANK7
      Params:         0       0       0       0       0       0       0       0       0
      Locals:         0       0       0       0       0       0       0       0       0
      Temps:          0       0       0       0       0       0       0       0       0
      Totals:         0       0       0       0       0       0       0       0       0
Total ram usage:        0 bytes
 Hardware stack levels used:    1
 Hardware stack levels required when called:    6
 This function calls:
		_read_BUSY
		_write_CMD
 This function is called by:
		_demo_shield2_1
 This function uses a non-reentrant model


 *************** function _write_CMD *****************
 Defined at:
		line 110 in file "lcd.c"
 Parameters:    Size  Location     Type
  dato            1    wreg     unsigned char 
 Auto vars:     Size  Location     Type
  dato            1   17[COMRAM] unsigned char 
 Return value:  Size  Location     Type
                  1    wreg      void 
 Registers used:
		wreg, status,2, status,0, cstack
 Tracked objects:
		On entry : 
		On exit  : 
		Unchanged: 
 Data sizes:     COMRAM   BANK0   BANK1   BANK2   BANK3   BANK4   BANK5   BANK6   BANK7
      Params:         0       0       0       0       0       0       0       0       0
      Locals:         1       0       0       0       0       0       0       0       0
      Temps:          0       0       0       0       0       0       0       0       0
      Totals:         1       0       0       0       0       0       0       0       0
Total ram usage:        1 bytes
 Hardware stack levels used:    1
 Hardware stack levels required when called:    5
 This function calls:
		_write_LCD
 This function is called by:
		_clear_LCD
		_ret_HOME
		_set_CURSOR
		_DesplazarIzquierda
		_LCD_init
 This function uses a non-reentrant model


 *************** function _write_LCD *****************
 Defined at:
		line 119 in file "lcd.c"
 Parameters:    Size  Location     Type
  dato            1    wreg     unsigned char 
 Auto vars:     Size  Location     Type
  dato            1   16[COMRAM] unsigned char 
 Return value:  Size  Location     Type
                  1    wreg      void 
 Registers used:
		wreg, status,2, status,0
 Tracked objects:
		On entry : 
		On exit  : 
		Unchanged: 
 Data sizes:     COMRAM   BANK0   BANK1   BANK2   BANK3   BANK4   BANK5   BANK6   BANK7
      Params:         0       0       0       0       0       0       0       0       0
      Locals:         1       0       0       0       0       0       0       0       0
      Temps:          0       0       0       0       0       0       0       0       0
      Totals:         1       0       0       0       0       0       0       0       0
Total ram usage:        1 bytes
 Hardware stack levels used:    1
 Hardware stack levels required when called:    4
 This function calls:
		Nothing
 This function is called by:
		_write_DATA
		_write_CMD
 This function uses a non-reentrant model


 *************** function _read_BUSY *****************
 Defined at:
		line 140 in file "lcd.c"
 Parameters:    Size  Location     Type
		None
 Auto vars:     Size  Location     Type
  aux             1   16[COMRAM] unsigned char 
 Return value:  Size  Location     Type
                  1    wreg      void 
 Registers used:
		wreg, status,2, status,0
 Tracked objects:
		On entry : 
		On exit  : 
		Unchanged: 
 Data sizes:     COMRAM   BANK0   BANK1   BANK2   BANK3   BANK4   BANK5   BANK6   BANK7
      Params:         0       0       0       0       0       0       0       0       0
      Locals:         1       0       0       0       0       0       0       0       0
      Temps:          0       0       0       0       0       0       0       0       0
      Totals:         1       0       0       0       0       0       0       0       0
Total ram usage:        1 bytes
 Hardware stack levels used:    1
 Hardware stack levels required when called:    4
 This function calls:
		Nothing
 This function is called by:
		_msg2LCD
		_char2LCD
		_clear_LCD
		_ret_HOME
		_set_CURSOR
		_DesplazarIzquierda
		_LCD_init
 This function uses a non-reentrant model


 *************** function _AumentarPeriodo *****************
 Defined at:
		line 149 in file "Tecnica1.c"
 Parameters:    Size  Location     Type
  valor           1    wreg     unsigned char 
 Auto vars:     Size  Location     Type
  valor           1    6[BANK0 ] unsigned char 
 Return value:  Size  Location     Type
                  1    wreg      void 
 Registers used:
		wreg, status,2, status,0, prodl, prodh, cstack
 Tracked objects:
		On entry : 
		On exit  : 
		Unchanged: 
 Data sizes:     COMRAM   BANK0   BANK1   BANK2   BANK3   BANK4   BANK5   BANK6   BANK7
      Params:         0       0       0       0       0       0       0       0       0
      Locals:         0       1       0       0       0       0       0       0       0
      Temps:          0       0       0       0       0       0       0       0       0
      Totals:         0       1       0       0       0       0       0       0       0
Total ram usage:        1 bytes
 Hardware stack levels used:    1
 Hardware stack levels required when called:    6
 This function calls:
		_CalculoDeFrecuencia
 This function is called by:
		_demo_shield2_1
 This function uses a non-reentrant model


 *************** function _CalculoDeFrecuencia *****************
 Defined at:
		line 161 in file "Tecnica1.c"
 Parameters:    Size  Location     Type
		None
 Auto vars:     Size  Location     Type
		None
 Return value:  Size  Location     Type
                  1    wreg      void 
 Registers used:
		wreg, status,2, status,0, prodl, prodh, cstack
 Tracked objects:
		On entry : 
		On exit  : 
		Unchanged: 
 Data sizes:     COMRAM   BANK0   BANK1   BANK2   BANK3   BANK4   BANK5   BANK6   BANK7
      Params:         0       0       0       0       0       0       0       0       0
      Locals:         0       0       0       0       0       0       0       0       0
      Temps:          0       2       0       0       0       0       0       0       0
      Totals:         0       2       0       0       0       0       0       0       0
Total ram usage:        2 bytes
 Hardware stack levels used:    1
 Hardware stack levels required when called:    5
 This function calls:
		___aldiv
		___wmul
 This function is called by:
		_AumentarPeriodo
		_DisminuirPeriodo
		_demo_shield2_1_INI
 This function uses a non-reentrant model


 *************** function ___wmul *****************
 Defined at:
		line 15 in file "C:\Program Files (x86)\Microchip\xc8\v1.40\sources\common\Umul16.c"
 Parameters:    Size  Location     Type
  multiplier      2    0[BANK0 ] unsigned int 
  multiplicand    2    2[BANK0 ] unsigned int 
 Auto vars:     Size  Location     Type
  product         2   30[COMRAM] unsigned int 
 Return value:  Size  Location     Type
                  2    0[BANK0 ] unsigned int 
 Registers used:
		wreg, status,2, status,0, prodl, prodh
 Tracked objects:
		On entry : 
		On exit  : 
		Unchanged: 
 Data sizes:     COMRAM   BANK0   BANK1   BANK2   BANK3   BANK4   BANK5   BANK6   BANK7
      Params:         0       4       0       0       0       0       0       0       0
      Locals:         2       0       0       0       0       0       0       0       0
      Temps:          0       0       0       0       0       0       0       0       0
      Totals:         2       4       0       0       0       0       0       0       0
Total ram usage:        6 bytes
 Hardware stack levels used:    1
 Hardware stack levels required when called:    4
 This function calls:
		Nothing
 This function is called by:
		_CalculoDeFrecuencia
 This function uses a non-reentrant model


 *************** function ___aldiv *****************
 Defined at:
		line 8 in file "C:\Program Files (x86)\Microchip\xc8\v1.40\sources\common\aldiv.c"
 Parameters:    Size  Location     Type
  dividend        4   16[COMRAM] long 
  divisor         4   20[COMRAM] long 
 Auto vars:     Size  Location     Type
  quotient        4   26[COMRAM] long 
  sign            1   25[COMRAM] unsigned char 
  counter         1   24[COMRAM] unsigned char 
 Return value:  Size  Location     Type
                  4   16[COMRAM] long 
 Registers used:
		wreg, status,2, status,0
 Tracked objects:
		On entry : 
		On exit  : 
		Unchanged: 
 Data sizes:     COMRAM   BANK0   BANK1   BANK2   BANK3   BANK4   BANK5   BANK6   BANK7
      Params:         8       0       0       0       0       0       0       0       0
      Locals:         6       0       0       0       0       0       0       0       0
      Temps:          0       0       0       0       0       0       0       0       0
      Totals:        14       0       0       0       0       0       0       0       0
Total ram usage:       14 bytes
 Hardware stack levels used:    1
 Hardware stack levels required when called:    4
 This function calls:
		Nothing
 This function is called by:
		_CalculoDeFrecuencia
 This function uses a non-reentrant model


 *************** function _myISR *****************
 Defined at:
		line 34 in file "main.c"
 Parameters:    Size  Location     Type
		None
 Auto vars:     Size  Location     Type
		None
 Return value:  Size  Location     Type
                  1    wreg      void 
 Registers used:
		wreg, status,2, status,0, cstack
 Tracked objects:
		On entry : 
		On exit  : 
		Unchanged: 
 Data sizes:     COMRAM   BANK0   BANK1   BANK2   BANK3   BANK4   BANK5   BANK6   BANK7
      Params:         0       0       0       0       0       0       0       0       0
      Locals:         0       0       0       0       0       0       0       0       0
      Temps:         14       0       0       0       0       0       0       0       0
      Totals:        14       0       0       0       0       0       0       0       0
Total ram usage:       14 bytes
 Hardware stack levels used:    1
 Hardware stack levels required when called:    3
 This function calls:
		_tic_demo_shield2_1
 This function is called by:
		Interrupt level 2
 This function uses a non-reentrant model


 *************** function _tic_demo_shield2_1 *****************
 Defined at:
		line 341 in file "Tecnica1.c"
 Parameters:    Size  Location     Type
		None
 Auto vars:     Size  Location     Type
		None
 Return value:  Size  Location     Type
                  1    wreg      void 
 Registers used:
		wreg, status,2, status,0, cstack
 Tracked objects:
		On entry : 
		On exit  : 
		Unchanged: 
 Data sizes:     COMRAM   BANK0   BANK1   BANK2   BANK3   BANK4   BANK5   BANK6   BANK7
      Params:         0       0       0       0       0       0       0       0       0
      Locals:         0       0       0       0       0       0       0       0       0
      Temps:          0       0       0       0       0       0       0       0       0
      Totals:         0       0       0       0       0       0       0       0       0
Total ram usage:        0 bytes
 Hardware stack levels used:    1
 Hardware stack levels required when called:    2
 This function calls:
		_tic_LCD
		_tic_debounce
 This function is called by:
		_myISR
 This function uses a non-reentrant model


 *************** function _tic_debounce *****************
 Defined at:
		line 202 in file "Tecnica1.c"
 Parameters:    Size  Location     Type
		None
 Auto vars:     Size  Location     Type
		None
 Return value:  Size  Location     Type
                  1    wreg      void 
 Registers used:
		wreg, status,2, status,0, cstack
 Tracked objects:
		On entry : 
		On exit  : 
		Unchanged: 
 Data sizes:     COMRAM   BANK0   BANK1   BANK2   BANK3   BANK4   BANK5   BANK6   BANK7
      Params:         0       0       0       0       0       0       0       0       0
      Locals:         0       0       0       0       0       0       0       0       0
      Temps:          0       0       0       0       0       0       0       0       0
      Totals:         0       0       0       0       0       0       0       0       0
Total ram usage:        0 bytes
 Hardware stack levels used:    1
 Hardware stack levels required when called:    1
 This function calls:
		_debounce
 This function is called by:
		_tic_demo_shield2_1
 This function uses a non-reentrant model


 *************** function _debounce *****************
 Defined at:
		line 103 in file "Tecnica1.c"
 Parameters:    Size  Location     Type
  sample          1    wreg     unsigned char 
 Auto vars:     Size  Location     Type
  sample          1    0[COMRAM] unsigned char 
  delta           1    1[COMRAM] unsigned char 
 Return value:  Size  Location     Type
                  1    wreg      unsigned char 
 Registers used:
		wreg, status,2, status,0
 Tracked objects:
		On entry : 
		On exit  : 
		Unchanged: 
 Data sizes:     COMRAM   BANK0   BANK1   BANK2   BANK3   BANK4   BANK5   BANK6   BANK7
      Params:         0       0       0       0       0       0       0       0       0
      Locals:         2       0       0       0       0       0       0       0       0
      Temps:          0       0       0       0       0       0       0       0       0
      Totals:         2       0       0       0       0       0       0       0       0
Total ram usage:        2 bytes
 Hardware stack levels used:    1
 This function calls:
		Nothing
 This function is called by:
		_tic_debounce
 This function uses a non-reentrant model


 *************** function _tic_LCD *****************
 Defined at:
		line 159 in file "lcd.c"
 Parameters:    Size  Location     Type
		None
 Auto vars:     Size  Location     Type
		None
 Return value:  Size  Location     Type
                  1    wreg      void 
 Registers used:
		wreg, status,2, status,0
 Tracked objects:
		On entry : 
		On exit  : 
		Unchanged: 
 Data sizes:     COMRAM   BANK0   BANK1   BANK2   BANK3   BANK4   BANK5   BANK6   BANK7
      Params:         0       0       0       0       0       0       0       0       0
      Locals:         0       0       0       0       0       0       0       0       0
      Temps:          0       0       0       0       0       0       0       0       0
      Totals:         0       0       0       0       0       0       0       0       0
Total ram usage:        0 bytes
 Hardware stack levels used:    1
 This function calls:
		Nothing
 This function is called by:
		_tic_demo_shield2_1
 This function uses a non-reentrant model



MODULE INFORMATION

Module		Function		Class		Link	Load	Size
C:\Program Files (x86)\Microchip\xc8\v1.40\sources\common\Umul16.c
		___wmul        		CODE           	778E	0000	51

C:\Program Files (x86)\Microchip\xc8\v1.40\sources\common\Umul16.c estimated size: 51

C:\Program Files (x86)\Microchip\xc8\v1.40\sources\common\awmod.c
		___awmod       		CODE           	7868	0000	113

C:\Program Files (x86)\Microchip\xc8\v1.40\sources\common\awmod.c estimated size: 113

ConfShield2_1.c
		_PicIni21      		CODE           	7734	0000	45

ConfShield2_1.c estimated size: 45

shared
		_teclas        		SMALLCONST     	2019	0000	13
		__initialization		CODE           	782E	0000	45

shared estimated size: 58

Tecnica1.c
		_TIMER1_INI    		CODE           	7670	0000	33
		_debounce      		CODE           	7690	0000	39
		_demo_shield2_1		CODE           	7B3C	0000	607
		_obtener_ADC8  		CODE           	7708	0000	45
		_demo_shield2_1_INI		CODE           	77C0	0000	53
		_CalculoDeFrecuencia		CODE           	7D9A	0000	615
		_informar      		CODE           	77F4	0000	59
		_tic_debounce  		CODE           	75F4	0000	29
		_TIMER0_INI    		CODE           	75DC	0000	25
		_AumentarPeriodo		CODE           	7610	0000	33
		_tic_demo_shield2_1		CODE           	75C4	0000	25
		_DisminuirPeriodo		CODE           	7650	0000	33
		_transmitir    		CODE           	75A4	0000	17
		_USART_INI     		CODE           	76DE	0000	43

Tecnica1.c estimated size: 1656

lcd.c
		_write_DATA    		CODE           	7578	0000	15
		_ret_HOME      		CODE           	755E	0000	13
		_char2LCD      		CODE           	7586	0000	15
		_msg2LCD       		CODE           	7760	0000	47
		_write_CMD     		CODE           	756A	0000	15
		_LCD_init      		CODE           	79E2	0000	143
		_write_LCD     		CODE           	7630	0000	33
		_clear_LCD     		CODE           	7552	0000	13
		_DesplazarIzquierda		CODE           	7546	0000	13
		_read_BUSY     		CODE           	76B6	0000	41
		_set_CURSOR    		CODE           	75B4	0000	17
		_tic_LCD       		CODE           	7594	0000	17

lcd.c estimated size: 382

C:\Program Files (x86)\Microchip\xc8\v1.40\sources\common\awdiv.c
		___awdiv       		CODE           	78D8	0000	133

C:\Program Files (x86)\Microchip\xc8\v1.40\sources\common\awdiv.c estimated size: 133

main.c
		_myISR         		CODE           	2008	0000	141
		_main          		CODE           	7532	0000	11

main.c estimated size: 152

C:\Program Files (x86)\Microchip\xc8\v1.40\sources\common\aldiv.c
		___aldiv       		CODE           	7A70	0000	205

C:\Program Files (x86)\Microchip\xc8\v1.40\sources\common\aldiv.c estimated size: 205

