Microchip MPLAB XC8 Compiler V1.40 ()

Linker command line:

--edf=C:\Program Files (x86)\Microchip\xc8\v1.40\dat\en_msgs.txt -cs \
  -h+dist/default/production\Shield2_1_2017.X.production.sym \
  --cmf=dist/default/production\Shield2_1_2017.X.production.cmf -z \
  -Q18F4550 -oC:\Users\Admin\AppData\Local\Temp\s7ds.2 \
  -Mdist/default/production/Shield2_1_2017.X.production.map -E1 -ver=XC8 \
  -ASTACK=060h-07ffh -pstack=STACK \
  -ACODE=02000h-02005h,02008h-02015h,02018h-07FFFh \
  -ACONST=02000h-02005h,02008h-02015h,02018h-07FFFh \
  -ASMALLCONST=02000h-02005h,02008h-02015h,02018h-020FFh,02100h-021FFhx95 \
  -AMEDIUMCONST=02000h-02005h,02008h-02015h,02018h-07FFFh -ACOMRAM=01h-05Fh \
  -AABS1=00h-07FFh -ABIGRAM=01h-07FFh -ARAM=060h-0FFh,0100h-01FFhx7 \
  -ABANK0=060h-0FFh -ABANK1=0100h-01FFh -ABANK2=0200h-02FFh \
  -ABANK3=0300h-03FFh -ABANK4=0400h-04FFh -ABANK5=0500h-05FFh \
  -ABANK6=0600h-06FFh -ABANK7=0700h-07FFh -ASFR=0F60h-0FFFh \
  -preset_vec=02000h,intcode=02008h,intcodelo,powerup,init -pramtop=0800h \
  -psmallconst=SMALLCONST -pmediumconst=MEDIUMCONST -pconst=CONST \
  -AFARRAM=00h-00h -ACONFIG=0300000h-030000Dh -pconfig=CONFIG \
  -AIDLOC=0200000h-0200007h -pidloc=IDLOC -AEEDATA=0F00000h-0F000FFh \
  -peeprom_data=EEDATA \
  -prdata=COMRAM,nvrram=COMRAM,nvbit=COMRAM,rbss=COMRAM,rbit=COMRAM \
  -pfarbss=FARRAM,fardata=FARRAM,nvFARRAM=FARRAM \
  -pintsave_regs=BIGRAM,bigbss=BIGRAM,bigdata=BIGRAM -pbss=RAM \
  -pidata=CODE,irdata=CODE,ibigdata=CODE,ifardata=CODE -prparam=COMRAM \
  C:\Users\Admin\AppData\Local\Temp\s7ds.obj \
  dist/default/production\Shield2_1_2017.X.production.obj 

Object code version is 3.11

Machine type is 18F4550

Call graph: (short form)




                Name                               Link     Load   Length Selector   Space Scale
C:\Users\Admin\AppData\Local\Temp\s7ds.obj
                init                               200E     200E        4     1004       0
                reset_vec                          2000     2000        4     1000       0
                idloc                            200000   200000        8   200000       0
                config                           300000   300000        E   300000       0
dist/default/production\Shield2_1_2017.X.production.obj
                intcode                            2008     2008        6     1004       0
                temp                                 3D       3D        1        1       1
                smallconst                         2018     2018       52     100C       0
                intcode_body                       7F7E     7F7E       82     3FBF       0
                text0                              2004     2004        2     1000       0
                cstackCOMRAM                         25       25        E        1       1
                dataCOMRAM                           33       33        A        1       1
                bssCOMRAM                             1        1       24        1       1
                cinit                              7F44     7F44       3A     3FA2       0
                idataCOMRAM                        7F3A     7F3A        A     7F3A       0

TOTAL           Name                               Link     Load   Length     Space
        CLASS   STACK          

        CLASS   CODE           
                intcode                            2008     2008        6         0
                init                               200E     200E        4         0
                reset_vec                          2000     2000        4         0
                intcode_body                       7F7E     7F7E       82         0
                text0                              2004     2004        2         0
                cinit                              7F44     7F44       3A         0
                idataCOMRAM                        7F3A     7F3A        A         0

        CLASS   CONST          

        CLASS   SMALLCONST     
                smallconst                         2018     2018       52         0

        CLASS   MEDIUMCONST    

        CLASS   COMRAM         
                temp                                 3D       3D        1         1
                cstackCOMRAM                         25       25        E         1
                dataCOMRAM                           33       33        A         1
                bssCOMRAM                             1        1       24         1

        CLASS   ABS1           

        CLASS   BIGRAM         

        CLASS   RAM            

        CLASS   BANK0          

        CLASS   BANK1          

        CLASS   BANK2          

        CLASS   BANK3          

        CLASS   BANK4          

        CLASS   BANK5          

        CLASS   BANK6          

        CLASS   BANK7          

        CLASS   SFR            

        CLASS   FARRAM         

        CLASS   CONFIG         
                config                           300000   300000        E         0

        CLASS   IDLOC          
                idloc                            200000   200000        8         0

        CLASS   EEDATA         



SEGMENTS        Name                           Load    Length   Top    Selector   Space  Class

                bssCOMRAM                      000001  00003D  00003E         1       1  COMRAM  
                reset_vec                      002000  000006  002006      1000       0  CODE    
                intcode                        002008  00000A  002012      1004       0  CODE    
                smallconst                     002018  000052  00206A      100C       0  SMALLCON
                idataCOMRAM                    007F3A  00000A  007F44      7F3A       0  CODE    
                cinit                          007F44  00003A  007F7E      3FA2       0  CODE    
                intcode_body                   007F7E  000082  008000      3FBF       0  CODE    
                idloc                          200000  000008  200008    200000       0  IDLOC   
                config                         300000  00000E  30000E    300000       0  CONFIG  


UNUSED ADDRESS RANGES

        Name                Unused          Largest block    Delta
        BANK0            000060-0000FF               A0
        BANK1            000100-0001FF              100
        BANK2            000200-0002FF              100
        BANK3            000300-0003FF              100
        BANK4            000400-0004FF              100
        BANK5            000500-0005FF              100
        BANK6            000600-0006FF              100
        BANK7            000700-0007FF              100
        BIGRAM           00003E-0007FF              7C2
        CODE             002012-002015                4
                         00206A-007F39             5ED0
        COMRAM           00003E-00005F               22
        CONST            002012-002015                4
                         00206A-007F39             5ED0
        EEDATA           F00000-F000FF              100
        FARRAM           000000-000000                1
        MEDIUMCONST      002012-002015                4
                         00206A-007F39             5ED0
        RAM              000060-0007FF              100
        SFR              000F60-000FFF               A0
        SMALLCONST       002012-002015                4
                         00206A-007F39              100
        STACK            000060-0007FF              7A0

                                  Symbol Table

Botones13@Estado_BOT      bssCOMRAM    000009
Leds13@i                  dataCOMRAM   000033
Send4Disp@Nro_Disp        dataCOMRAM   000034
_ADCON0bits               (abs)        000FC2
_ADCON1                   (abs)        000FC1
_ADCON2                   (abs)        000FC0
_ADRESH                   (abs)        000FC4
_BAUDCONbits              (abs)        000FB8
_CCP1CONbits              (abs)        000FBD
_CCPR1L                   (abs)        000FBE
_CMCON                    (abs)        000FB4
_EEADR                    (abs)        000FA9
_EECON1bits               (abs)        000FA6
_EECON2                   (abs)        000FA7
_EEDATA                   (abs)        000FA8
_EstadoDeLosBotones       bssCOMRAM    00000A
_INT0IE                   (abs)        007F94
_INT0IF                   (abs)        007F91
_INT1IE                   (abs)        007F83
_INT1IF                   (abs)        007F80
_INTCON2bits              (abs)        000FF1
_INTCON3bits              (abs)        000FF0
_INTCONbits               (abs)        000FF2
_LATA                     (abs)        000F89
_LATAbits                 (abs)        000F89
_LATB                     (abs)        000F8A
_LATBbits                 (abs)        000F8A
_LATC                     (abs)        000F8B
_LATCbits                 (abs)        000F8B
_LATD                     (abs)        000F8C
_LATDbits                 (abs)        000F8C
_LATE                     (abs)        000F8D
_LATEbits                 (abs)        000F8D
_LCD_tout                 bssCOMRAM    000001
_LowerByte                bssCOMRAM    00000B
_MedioPeriodoSet          bssCOMRAM    000003
_Multiplicador            bssCOMRAM    00000C
_MultiplicadorSet         bssCOMRAM    00000D
_OffsetPeriodo            dataCOMRAM   000035
_PIE1bits                 (abs)        000F9D
_PIR1bits                 (abs)        000F9E
_PORTA                    (abs)        000F80
_PORTB                    (abs)        000F81
_PORTBbits                (abs)        000F81
_PORTDbits                (abs)        000F83
_PORTEbits                (abs)        000F84
_PR2                      (abs)        000FCB
_RBIE                     (abs)        007F93
_RBIF                     (abs)        007F90
_RBIP                     (abs)        007F88
_RBPU                     (abs)        007F8F
_RCREG                    (abs)        000FAE
_RCSTAbits                (abs)        000FAB
_SPBRG                    (abs)        000FAF
_SPBRGH                   (abs)        000FB0
_T0CONbits                (abs)        000FD5
_T1CONbits                (abs)        000FCD
_T2CONbits                (abs)        000FCA
_TMR0H                    (abs)        000FD7
_TMR0IF                   (abs)        007F92
_TMR0L                    (abs)        000FD6
_TMR1H                    (abs)        000FCF
_TMR1L                    (abs)        000FCE
_TRISA                    (abs)        000F92
_TRISAbits                (abs)        000F92
_TRISB                    (abs)        000F93
_TRISBbits                (abs)        000F93
_TRISC                    (abs)        000F94
_TRISCbits                (abs)        000F94
_TRISD                    (abs)        000F95
_TRISE                    (abs)        000F96
_TRISEbits                (abs)        000F96
_TXREG                    (abs)        000FAD
_TXSTAbits                (abs)        000FAC
_UpperByte                dataCOMRAM   000036
__CFG_BOR$ON              (abs)        000000
__CFG_BORV$3              (abs)        000000
__CFG_CP0$OFF             (abs)        000000
__CFG_CP1$OFF             (abs)        000000
__CFG_CPB$OFF             (abs)        000000
__CFG_CPUDIV$OSC1_PLL2    (abs)        000000
__CFG_EBTR0$OFF           (abs)        000000
__CFG_EBTR1$OFF           (abs)        000000
__CFG_EBTRB$OFF           (abs)        000000
__CFG_FCMEN$OFF           (abs)        000000
__CFG_FOSC$HSPLL_HS       (abs)        000000
__CFG_IESO$OFF            (abs)        000000
__CFG_LPT1OSC$OFF         (abs)        000000
__CFG_LVP$OFF             (abs)        000000
__CFG_MCLRE$ON            (abs)        000000
__CFG_PBADEN$OFF          (abs)        000000
__CFG_PLLDIV$5            (abs)        000000
__CFG_PWRT$OFF            (abs)        000000
__CFG_STVREN$ON           (abs)        000000
__CFG_USBDIV$2            (abs)        000000
__CFG_VREGEN$ON           (abs)        000000
__CFG_WDT$OFF             (abs)        000000
__CFG_WDTPS$32768         (abs)        000000
__CFG_WRT0$OFF            (abs)        000000
__CFG_WRT1$OFF            (abs)        000000
__CFG_WRTB$OFF            (abs)        000000
__CFG_WRTC$OFF            (abs)        000000
__CFG_XINST$OFF           (abs)        000000
__HRAM                    (abs)        000000
__Habs1                   abs1         000000
__Hbank0                  bank0        000000
__Hbank1                  bank1        000000
__Hbank2                  bank2        000000
__Hbank3                  bank3        000000
__Hbank4                  bank4        000000
__Hbank5                  bank5        000000
__Hbank6                  bank6        000000
__Hbank7                  bank7        000000
__Hbigbss                 bigbss       000000
__Hbigdata                bigdata      000000
__Hbigram                 bigram       000000
__Hbss                    bss          000000
__HbssCOMRAM              bssCOMRAM    000000
__Hcinit                  cinit        000000
__Hclrtext                clrtext      000000
__Hcomram                 comram       000000
__Hconfig                 config       30000E
__Hconst                  const        000000
__HcstackCOMRAM           cstackCOMRAM 000000
__Hdata                   data         000000
__HdataCOMRAM             dataCOMRAM   000000
__Heeprom_data            eeprom_data  000000
__Hfarbss                 farbss       000000
__Hfardata                fardata      000000
__Hibigdata               ibigdata     000000
__Hidata                  idata        000000
__HidataCOMRAM            idataCOMRAM  000000
__Hidloc                  idloc        200008
__Hifardata               ifardata     000000
__Hinit                   init         002012
__Hintcode                intcode      00200E
__Hintcode_body           intcode_body 000000
__Hintcodelo              intcodelo    00200E
__Hintentry               intentry     000000
__Hintret                 intret       000000
__Hintsave_regs           intsave_regs 000000
__Hirdata                 irdata       000000
__Hmediumconst            mediumconst  000000
__HnvFARRAM               nvFARRAM     000000
__Hnvbit                  nvbit        000000
__Hnvrram                 nvrram       000000
__Hparam                  rparam       000000
__Hpowerup                powerup      00200E
__Hram                    ram          000000
__Hramtop                 ramtop       000800
__Hrbit                   rbit         000000
__Hrbss                   rbss         000000
__Hrdata                  rdata        000000
__Hreset_vec              reset_vec    002004
__Hrparam                 rparam       000000
__Hsfr                    sfr          000000
__Hsmallconst             smallconst   00206A
__Hspace_0                (abs)        30000E
__Hspace_1                (abs)        00003E
__Hspace_2                (abs)        000000
__Hstack                  stack        000000
__Hstruct                 struct       000000
__Htemp                   temp         00003E
__Htext                   text         000000
__Htext0                  text0        000000
__LRAM                    (abs)        000001
__Labs1                   abs1         000000
__Lbank0                  bank0        000000
__Lbank1                  bank1        000000
__Lbank2                  bank2        000000
__Lbank3                  bank3        000000
__Lbank4                  bank4        000000
__Lbank5                  bank5        000000
__Lbank6                  bank6        000000
__Lbank7                  bank7        000000
__Lbigbss                 bigbss       000000
__Lbigdata                bigdata      000000
__Lbigram                 bigram       000000
__Lbss                    bss          000000
__LbssCOMRAM              bssCOMRAM    000000
__Lcinit                  cinit        000000
__Lclrtext                clrtext      000000
__Lcomram                 comram       000000
__Lconfig                 config       300000
__Lconst                  const        000000
__LcstackCOMRAM           cstackCOMRAM 000000
__Ldata                   data         000000
__LdataCOMRAM             dataCOMRAM   000000
__Leeprom_data            eeprom_data  000000
__Lfarbss                 farbss       000000
__Lfardata                fardata      000000
__Libigdata               ibigdata     000000
__Lidata                  idata        000000
__LidataCOMRAM            idataCOMRAM  000000
__Lidloc                  idloc        200000
__Lifardata               ifardata     000000
__Linit                   init         00200E
__Lintcode                intcode      002008
__Lintcode_body           intcode_body 000000
__Lintcodelo              intcodelo    00200E
__Lintentry               intentry     000000
__Lintret                 intret       000000
__Lintsave_regs           intsave_regs 000000
__Lirdata                 irdata       000000
__Lmediumconst            mediumconst  000000
__LnvFARRAM               nvFARRAM     000000
__Lnvbit                  nvbit        000000
__Lnvrram                 nvrram       000000
__Lparam                  rparam       000000
__Lpowerup                powerup      00200E
__Lram                    ram          000000
__Lramtop                 ramtop       000800
__Lrbit                   rbit         000000
__Lrbss                   rbss         000000
__Lrdata                  rdata        000000
__Lreset_vec              reset_vec    002000
__Lrparam                 rparam       000000
__Lsfr                    sfr          000000
__Lsmallconst             smallconst   002018
__Lspace_0                (abs)        000000
__Lspace_1                (abs)        000000
__Lspace_2                (abs)        000000
__Lstack                  stack        000000
__Lstruct                 struct       000000
__Ltemp                   temp         00003D
__Ltext                   text         000000
__Ltext0                  text0        000000
__S0                      (abs)        30000E
__S1                      (abs)        00003E
__S2                      (abs)        000000
___inthi_sp               stack        000000
___intlo_sp               stack        000000
___param_bank             (abs)        000000
___rparam_used            (abs)        000001
___sp                     stack        000000
__accesstop               (abs)        000060
__activetblptr            (abs)        000002
__end_of__initialization  cinit        007F70
__end_of_main             text0        002006
__end_of_myISR            intcode_body 008000
__end_of_teclas           smallconst   002025
__initialization          cinit        007F44
__mediumconst             mediumconst  000000
__pbssCOMRAM              bssCOMRAM    000001
__pcinit                  cinit        007F44
__pcstackCOMRAM           cstackCOMRAM 000025
__pdataCOMRAM             dataCOMRAM   000033
__pidataCOMRAM            idataCOMRAM  007F3A
__pintcode                intcode      002008
__pintcode_body           intcode_body 007F7E
__psmallconst             smallconst   002018
__ptext0                  text0        002004
__ramtop                  ramtop       000800
__size_of_main            (abs)        000000
__size_of_myISR           (abs)        000000
__smallconst              smallconst   002018
_bot_tout                 bssCOMRAM    00000E
_col                      dataCOMRAM   000037
_delay_kb                 bssCOMRAM    00000F
_desplazar_tout           bssCOMRAM    000005
_encoderTout              bssCOMRAM    000010
_fila                     dataCOMRAM   000038
_flagCanal                bssCOMRAM    000011
_flag_kb                  bssCOMRAM    000012
_frecuencia               dataCOMRAM   00003B
_led_tout                 bssCOMRAM    000007
_main                     text0        002004
_maximoEncoder            bssCOMRAM    000013
_minimoEncoder            bssCOMRAM    000014
_mux_tout                 bssCOMRAM    000015
_myISR                    intcode      002008
_posicionEncoder          bssCOMRAM    000016
_teclas                   smallconst   002019
btemp                     temp         00003D
debounce@cnt0             bssCOMRAM    000017
debounce@cnt1             bssCOMRAM    000018
debounce@state            bssCOMRAM    000019
demo_shield2_1@Desplazar  bssCOMRAM    00001A
demo_shield2_1@PrimeraVez bssCOMRAM    00001B
demo_shield2_1@cont       bssCOMRAM    00001C
demo_shield2_1@cont1      bssCOMRAM    00001D
demo_shield2_1@cont2      bssCOMRAM    00001E
demo_shield2_1@cont3      bssCOMRAM    00001F
demo_shield2_1@flag0      bssCOMRAM    000020
demo_shield2_1@flag1      bssCOMRAM    000021
demo_shield2_1@flag2      bssCOMRAM    000022
demo_shield2_1@flag3      bssCOMRAM    000023
end_of_initialization     cinit        007F70
int$flags                 temp         00003D
int_func                  intcode_body 007F7E
intlevel0                 text         000000
intlevel1                 text         000000
intlevel2                 text         000000
intlevel3                 text         000000
stackhi                   (abs)        0007FF
stacklo                   (abs)        000060
start                     init         00200E
start_initialization      cinit        007F44
tecla@status_KB           bssCOMRAM    000024
tic_debounce@debounce_tic dataCOMRAM   000039
tic_encoder@estado        dataCOMRAM   00003A


FUNCTION INFORMATION:

 *************** function _main *****************
 Defined at:
		line 18 in file "main.c"
 Parameters:    Size  Location     Type
		None
 Auto vars:     Size  Location     Type
		None
 Return value:  Size  Location     Type
                  1    wreg      void 
 Registers used:
		None
 Tracked objects:
		On entry : 
		On exit  : 
		Unchanged: 
 Data sizes:     COMRAM   BANK0   BANK1   BANK2   BANK3   BANK4   BANK5   BANK6   BANK7
      Params:         0       0       0       0       0       0       0       0       0
      Locals:         0       0       0       0       0       0       0       0       0
      Temps:          0       0       0       0       0       0       0       0       0
      Totals:         0       0       0       0       0       0       0       0       0
Total ram usage:        0 bytes
 Hardware stack levels required when called:    1
 This function calls:
		Nothing
 This function is called by:
		Startup code after reset
 This function uses a non-reentrant model


 *************** function _myISR *****************
 Defined at:
		line 26 in file "main.c"
 Parameters:    Size  Location     Type
		None
 Auto vars:     Size  Location     Type
		None
 Return value:  Size  Location     Type
                  1    wreg      void 
 Registers used:
		wreg, status,2
 Tracked objects:
		On entry : 
		On exit  : 
		Unchanged: 
 Data sizes:     COMRAM   BANK0   BANK1   BANK2   BANK3   BANK4   BANK5   BANK6   BANK7
      Params:         0       0       0       0       0       0       0       0       0
      Locals:         0       0       0       0       0       0       0       0       0
      Temps:         14       0       0       0       0       0       0       0       0
      Totals:        14       0       0       0       0       0       0       0       0
Total ram usage:       14 bytes
 Hardware stack levels used:    1
 This function calls:
		Nothing
 This function is called by:
		Interrupt level 2
 This function uses a non-reentrant model



MODULE INFORMATION

Module		Function		Class		Link	Load	Size
shared
		_teclas        		SMALLCONST     	2019	0000	13
		__initialization		CODE           	7F44	0000	45

shared estimated size: 58

main.c
		_myISR         		CODE           	2008	0000	137
		_main          		CODE           	2004	0000	3

main.c estimated size: 140

